Scenario: empty
empty_test_dict_add_A        PASS
empty_test_dict_add_(null)   PASS
empty_test_dict_get_X        PASS
empty_test_dict_value_count  PASS
empty_test_dict_key_count    PASS
empty_test_dict_values       PASS
empty_test_dict_keys         PASS
empty_test_dict_pop_X        PASS
empty_test_dict_pop_(null)   PASS

Tests: 9, Passed: 9, Failed: 0 (%100.000)
Total: 9, Passed: 9, Failed: 0 (%100.000)

SCENARIO: empty_addA_A
empty_addA_A_test_dict_add_D        PASS
empty_addA_A_test_dict_add_(null)   PASS
empty_addA_A_test_dict_get_A        PASS
empty_addA_A_test_dict_get_X        PASS
empty_addA_A_test_dict_value_count  PASS
empty_addA_A_test_dict_key_count    PASS
empty_addA_A_test_dict_values       PASS
empty_addA_A_test_dict_keys         PASS
empty_addA_A_test_dict_pop_A        PASS
empty_addA_A_test_dict_pop_X        PASS
empty_addA_A_test_dict_pop_(null)   PASS

Tests: 11, Passed: 11, Failed: 0 (%100.000)
Total: 20, Passed: 20, Failed: 0 (%100.000)

Scenario: A_popA_empty
A_popA_empty_test_dict_add_A        PASS
A_popA_empty_test_dict_add_(null)   PASS
A_popA_empty_test_dict_get_X        PASS
A_popA_empty_test_dict_value_count  PASS
A_popA_empty_test_dict_key_count    PASS
A_popA_empty_test_dict_values       PASS
A_popA_empty_test_dict_keys         PASS
A_popA_empty_test_dict_pop_X        PASS
A_popA_empty_test_dict_pop_(null)   PASS

Tests: 9, Passed: 9, Failed: 0 (%100.000)
Total: 29, Passed: 29, Failed: 0 (%100.000)

SCENARIO: A_addB_AB
A_addB_AB_test_dict_add_D        PASS
A_addB_AB_test_dict_add_(null)   PASS
A_addB_AB_test_dict_get_A        PASS
A_addB_AB_test_dict_get_B        PASS
A_addB_AB_test_dict_get_X        PASS
A_addB_AB_test_dict_value_count  PASS
A_addB_AB_test_dict_key_count    PASS
A_addB_AB_test_dict_values       PASS
A_addB_AB_test_dict_keys         PASS
A_addB_AB_test_dict_pop_A        PASS
A_addB_AB_test_dict_pop_B        PASS
A_addB_AB_test_dict_pop_X        PASS
A_addB_AB_test_dict_pop_(null)   PASS

Tests: 13, Passed: 13, Failed: 0 (%100.000)
Total: 42, Passed: 42, Failed: 0 (%100.000)

SCENARIO: AB_popA_B
AB_popA_B_test_dict_add_D        PASS
AB_popA_B_test_dict_add_(null)   PASS
AB_popA_B_test_dict_get_B        PASS
AB_popA_B_test_dict_get_X        PASS
AB_popA_B_test_dict_value_count  PASS
AB_popA_B_test_dict_key_count    PASS
AB_popA_B_test_dict_values       PASS
AB_popA_B_test_dict_keys         PASS
AB_popA_B_test_dict_pop_B        PASS
AB_popA_B_test_dict_pop_X        PASS
AB_popA_B_test_dict_pop_(null)   PASS

Tests: 11, Passed: 11, Failed: 0 (%100.000)
Total: 53, Passed: 53, Failed: 0 (%100.000)

SCENARIO: AB_popB_A
AB_popB_A_test_dict_add_D        PASS
AB_popB_A_test_dict_add_(null)   PASS
AB_popB_A_test_dict_get_A        PASS
AB_popB_A_test_dict_get_X        PASS
AB_popB_A_test_dict_value_count  PASS
AB_popB_A_test_dict_key_count    PASS
AB_popB_A_test_dict_values       PASS
AB_popB_A_test_dict_keys         PASS
AB_popB_A_test_dict_pop_A        PASS
AB_popB_A_test_dict_pop_X        PASS
AB_popB_A_test_dict_pop_(null)   PASS

Tests: 11, Passed: 11, Failed: 0 (%100.000)
Total: 64, Passed: 64, Failed: 0 (%100.000)

SCENARIO: AB_addC_ABC
AB_addC_ABC_test_dict_add_D        PASS
AB_addC_ABC_test_dict_add_(null)   PASS
AB_addC_ABC_test_dict_get_A        PASS
AB_addC_ABC_test_dict_get_B        PASS
AB_addC_ABC_test_dict_get_C        PASS
AB_addC_ABC_test_dict_get_X        PASS
AB_addC_ABC_test_dict_value_count  PASS
AB_addC_ABC_test_dict_key_count    PASS
AB_addC_ABC_test_dict_values       PASS
AB_addC_ABC_test_dict_keys         PASS
AB_addC_ABC_test_dict_pop_A        PASS
AB_addC_ABC_test_dict_pop_B        PASS
AB_addC_ABC_test_dict_pop_C        PASS
AB_addC_ABC_test_dict_pop_X        PASS
AB_addC_ABC_test_dict_pop_(null)   PASS

Tests: 15, Passed: 15, Failed: 0 (%100.000)
Total: 79, Passed: 79, Failed: 0 (%100.000)

SCENARIO: ABC_popA_BC
ABC_popA_BC_test_dict_add_D        PASS
ABC_popA_BC_test_dict_add_(null)   PASS
ABC_popA_BC_test_dict_get_B        PASS
ABC_popA_BC_test_dict_get_C        PASS
ABC_popA_BC_test_dict_get_X        PASS
ABC_popA_BC_test_dict_value_count  PASS
ABC_popA_BC_test_dict_key_count    PASS
ABC_popA_BC_test_dict_values       PASS
ABC_popA_BC_test_dict_keys         PASS
ABC_popA_BC_test_dict_pop_B        PASS
ABC_popA_BC_test_dict_pop_C        PASS
ABC_popA_BC_test_dict_pop_X        PASS
ABC_popA_BC_test_dict_pop_(null)   PASS

Tests: 13, Passed: 13, Failed: 0 (%100.000)
Total: 92, Passed: 92, Failed: 0 (%100.000)

SCENARIO: ABC_popB_AC
ABC_popB_AC_test_dict_add_D        PASS
ABC_popB_AC_test_dict_add_(null)   PASS
ABC_popB_AC_test_dict_get_A        PASS
ABC_popB_AC_test_dict_get_C        PASS
ABC_popB_AC_test_dict_get_X        PASS
ABC_popB_AC_test_dict_value_count  PASS
ABC_popB_AC_test_dict_key_count    PASS
ABC_popB_AC_test_dict_values       PASS
ABC_popB_AC_test_dict_keys         PASS
ABC_popB_AC_test_dict_pop_A        PASS
ABC_popB_AC_test_dict_pop_C        PASS
ABC_popB_AC_test_dict_pop_X        PASS
ABC_popB_AC_test_dict_pop_(null)   PASS

Tests: 13, Passed: 13, Failed: 0 (%100.000)
Total: 105, Passed: 105, Failed: 0 (%100.000)

SCENARIO: ABC_popC_AB
ABC_popC_AB_test_dict_add_D        PASS
ABC_popC_AB_test_dict_add_(null)   PASS
ABC_popC_AB_test_dict_get_A        PASS
ABC_popC_AB_test_dict_get_B        PASS
ABC_popC_AB_test_dict_get_X        PASS
ABC_popC_AB_test_dict_value_count  PASS
ABC_popC_AB_test_dict_key_count    PASS
ABC_popC_AB_test_dict_values       PASS
ABC_popC_AB_test_dict_keys         PASS
ABC_popC_AB_test_dict_pop_A        PASS
ABC_popC_AB_test_dict_pop_B        PASS
ABC_popC_AB_test_dict_pop_X        PASS
ABC_popC_AB_test_dict_pop_(null)   PASS

Tests: 13, Passed: 13, Failed: 0 (%100.000)
Total: 118, Passed: 118, Failed: 0 (%100.000)

Scenario: ABC_clear_empty
ABC_clear_empty_test_dict_add_A        PASS
ABC_clear_empty_test_dict_add_(null)   PASS
ABC_clear_empty_test_dict_get_X        PASS
ABC_clear_empty_test_dict_value_count  PASS
ABC_clear_empty_test_dict_key_count    PASS
ABC_clear_empty_test_dict_values       PASS
ABC_clear_empty_test_dict_keys         PASS
ABC_clear_empty_test_dict_pop_X        PASS
ABC_clear_empty_test_dict_pop_(null)   PASS

Tests: 9, Passed: 9, Failed: 0 (%100.000)
Total: 127, Passed: 127, Failed: 0 (%100.000)

Scenario: AB_clear_empty
AB_clear_empty_test_dict_add_A        PASS
AB_clear_empty_test_dict_add_(null)   PASS
AB_clear_empty_test_dict_get_X        PASS
AB_clear_empty_test_dict_value_count  PASS
AB_clear_empty_test_dict_key_count    PASS
AB_clear_empty_test_dict_values       PASS
AB_clear_empty_test_dict_keys         PASS
AB_clear_empty_test_dict_pop_X        PASS
AB_clear_empty_test_dict_pop_(null)   PASS

Tests: 9, Passed: 9, Failed: 0 (%100.000)
Total: 136, Passed: 136, Failed: 0 (%100.000)

Scenario: A_clear_empty
A_clear_empty_test_dict_add_A        PASS
A_clear_empty_test_dict_add_(null)   PASS
A_clear_empty_test_dict_get_X        PASS
A_clear_empty_test_dict_value_count  PASS
A_clear_empty_test_dict_key_count    PASS
A_clear_empty_test_dict_values       PASS
A_clear_empty_test_dict_keys         PASS
A_clear_empty_test_dict_pop_X        PASS
A_clear_empty_test_dict_pop_(null)   PASS

Tests: 9, Passed: 9, Failed: 0 (%100.000)
Total: 145, Passed: 145, Failed: 0 (%100.000)

